⚠ Warning: Next.js inferred your workspace root, but it may not be correct.
 We detected multiple lockfiles and selected the directory of C:\Users\Chaitya\package-lock.json as the root directory.
 To silence this warning, set `turbopack.root` in your Next.js config, or consider removing one of the lockfiles if it's not needed.
   See https://nextjs.org/docs/app/api-reference/config/next-config-js/turbopack#root-directory for more information.
 Detected additional lockfiles: 
   * C:\Users\Chaitya\OneDrive\Desktop\MANOMAY\package-lock.json

▲ Next.js 16.1.6 (Turbopack)
- Environments: .env.local

  Creating an optimized production build ...
✓ Compiled successfully in 19.7s
  Running TypeScript ...
  Collecting page data using 7 workers ...
  Generating static pages using 7 workers (0/29) ...
  Generating static pages using 7 workers (7/29) 
  Generating static pages using 7 workers (14/29) 
  Generating static pages using 7 workers (21/29) 
✓ Generating static pages using 7 workers (29/29) in 1050.0ms
  Finalizing page optimization ...

Route (app)
┌ ○ /
├ ○ /_not-found
├ ƒ /admin/dashboard
├ ○ /admin/dashboard/analytics
├ ○ /admin/dashboard/orders
├ ƒ /admin/dashboard/parks
├ ƒ /admin/dashboard/parks/[id]
├ ○ /admin/dashboard/parks/create
├ ƒ /admin/dashboard/settings
├ ○ /admin/dashboard/vendors
├ ƒ /admin/dashboard/vendors/[id]
├ ○ /admin/login
├ ƒ /api/admin/orders
├ ƒ /api/admin/seed
├ ƒ /api/admin/stats
├ ƒ /api/auth/me
├ ƒ /api/customer/order-status
├ ƒ /api/customer/orders
├ ƒ /api/scan-menu
├ ƒ /api/uploadthing
├ ƒ /api/vendor/orders
├ ƒ /api/vendor/stats
├ ○ /cart
├ ○ /checkout
├ ○ /confirmation
├ ƒ /customer/dashboard
├ ○ /customer/dashboard/orders
├ ƒ /customer/dashboard/profile
├ ○ /customer/login
├ ○ /customer/signup
├ ○ /menu
├ ƒ /shop/[shopId]
├ ƒ /vendor/dashboard
├ ƒ /vendor/dashboard/orders
├ ƒ /vendor/dashboard/products
├ ƒ /vendor/dashboard/products/add
├ ƒ /vendor/dashboard/products/edit/[productId]
├ ƒ /vendor/dashboard/products/scan
├ ƒ /vendor/dashboard/profile
├ ○ /vendor/login
└ ○ /vendor/signup


○  (Static)   prerendered as static content
ƒ  (Dynamic)  server-rendered on demand

